// Jest Snapshot v1, https://goo.gl/fbAQLP

exports[`CarListComp component should render properly CarList renders correctly snapshot test 1`] = `
Array [
  <div
    onClick={[Function]}
    role="presentation"
    style={
      Object {
        "position": "relative",
      }
    }
  >
    <nav
      aria-label="breadcrumb"
      className="MuiTypography-root MuiTypography-body1 MuiBreadcrumbs-root css-63vwl1-MuiTypography-root-MuiBreadcrumbs-root"
    >
      <ol
        className="MuiBreadcrumbs-ol css-4pdmu4-MuiBreadcrumbs-ol"
      >
        <li
          className="MuiBreadcrumbs-li"
        >
          <a
            className="MuiTypography-root MuiTypography-inherit MuiLink-root MuiLink-underlineHover css-16cd5xe-MuiTypography-root-MuiLink-root"
            href="/"
            onBlur={[Function]}
            onFocus={[Function]}
          >
            <button
              aria-label="Example"
              className="MuiButtonBase-root MuiIconButton-root MuiIconButton-sizeMedium css-78trlr-MuiButtonBase-root-MuiIconButton-root"
              disabled={false}
              onBlur={[Function]}
              onContextMenu={[Function]}
              onDragLeave={[Function]}
              onFocus={[Function]}
              onKeyDown={[Function]}
              onKeyUp={[Function]}
              onMouseDown={[Function]}
              onMouseLeave={[Function]}
              onMouseUp={[Function]}
              onTouchEnd={[Function]}
              onTouchMove={[Function]}
              onTouchStart={[Function]}
              tabIndex={0}
              type="button"
            >
              <svg
                aria-hidden={true}
                className="MuiSvgIcon-root MuiSvgIcon-fontSizeMedium css-i4bv87-MuiSvgIcon-root"
                data-testid="NavigateBeforeIcon"
                focusable="false"
                viewBox="0 0 24 24"
              >
                <path
                  d="M15.41 7.41 14 6l-6 6 6 6 1.41-1.41L10.83 12z"
                />
              </svg>
            </button>
            <span
              style={
                Object {
                  "position": "absolute",
                  "top": "10px",
                }
              }
            >
              Select Brand
            </span>
          </a>
        </li>
      </ol>
    </nav>
  </div>,
  <div
    className="MuiBox-root css-10m0cap"
  >
    <h4
      className="MuiTypography-root MuiTypography-h4 MuiTypography-alignLeft sc-gsDKAQ FGXDW css-fokda-MuiTypography-root"
    >
      Select 
       car below
    </h4>
  </div>,
]
`;
